// Jest Snapshot v1, https://goo.gl/fbAQLP

exports[`FadeIn Component Renders 1`] = `
<View
  style={
    Object {
      "opacity": 0,
    }
  }
/>
`;
