// Jest Snapshot v1, https://goo.gl/fbAQLP

exports[`Questions View Renders 1`] = `
<View>
  <View />
</View>
`;
