// Jest Snapshot v1, https://goo.gl/fbAQLP

exports[`QuestionsOverlay Component Renders 1`] = `
<Modal
  animationType="slide"
  hardwareAccelerated={false}
  visible={true}
>
  <View
    style={
      Object {
        "alignItems": "center",
        "flex": 1,
        "justifyContent": "center",
      }
    }
  >
    <View
      style={
        Object {
          "flexDirection": "row",
          "justifyContent": "center",
          "marginLeft": "auto",
          "marginRight": "auto",
          "width": 750,
        }
      }
    >
      <View
        accessible={true}
        focusable={false}
        isTVSelectable={true}
        onClick={[Function]}
        onResponderGrant={[Function]}
        onResponderMove={[Function]}
        onResponderRelease={[Function]}
        onResponderTerminate={[Function]}
        onResponderTerminationRequest={[Function]}
        onStartShouldSetResponder={[Function]}
        style={
          Object {
            "backgroundColor": "white",
            "borderRadius": 10,
            "elevation": 100,
            "margin": 10,
            "opacity": 1,
            "padding": 20,
            "shadowColor": "#000",
            "shadowOffset": Object {
              "height": 0,
              "width": 0,
            },
            "shadowOpacity": 0.1,
            "shadowRadius": 5,
            "width": 300,
          }
        }
      >
        <Text
          style={
            Object {
              "textAlign": "center",
            }
          }
        >
          Quiz Me!
        </Text>
      </View>
      <View
        accessible={true}
        focusable={false}
        isTVSelectable={true}
        onClick={[Function]}
        onResponderGrant={[Function]}
        onResponderMove={[Function]}
        onResponderRelease={[Function]}
        onResponderTerminate={[Function]}
        onResponderTerminationRequest={[Function]}
        onStartShouldSetResponder={[Function]}
        style={
          Object {
            "backgroundColor": "white",
            "borderRadius": 10,
            "elevation": 100,
            "margin": 10,
            "opacity": 1,
            "padding": 20,
            "shadowColor": "#000",
            "shadowOffset": Object {
              "height": 0,
              "width": 0,
            },
            "shadowOpacity": 0.1,
            "shadowRadius": 5,
            "width": 300,
          }
        }
      >
        <Text
          style={
            Object {
              "textAlign": "center",
            }
          }
        >
          Teach Me!
        </Text>
      </View>
    </View>
  </View>
</Modal>
`;
