// Jest Snapshot v1, https://goo.gl/fbAQLP

exports[`Score Component Renders 1`] = `
<View
  style={
    Object {
      "padding": 20,
    }
  }
>
  <View
    style={
      Object {
        "opacity": 0,
      }
    }
  >
    <View
      style={
        Object {
          "borderBottomColor": "#000",
          "borderBottomWidth": 1,
        }
      }
    >
      <Text
        style={
          Object {
            "color": "#000",
            "fontSize": 18,
            "marginBottom": 20,
            "textAlign": "center",
          }
        }
      >
        Well done! This is how you did!
      </Text>
    </View>
    <View
      style={
        Object {
          "backgroundColor": "white",
          "borderRadius": 10,
          "elevation": 100,
          "marginTop": 15,
          "padding": 15,
          "shadowColor": "#000",
          "shadowOffset": Object {
            "height": 0,
            "width": 0,
          },
          "shadowOpacity": 0.1,
          "shadowRadius": 5,
        }
      }
    >
      <Text
        style={
          Object {
            "color": "#000",
          }
        }
      >
        Total amount of questions: 
      </Text>
    </View>
    <View
      style={
        Object {
          "backgroundColor": "white",
          "borderRadius": 10,
          "elevation": 100,
          "marginTop": 15,
          "padding": 15,
          "shadowColor": "#000",
          "shadowOffset": Object {
            "height": 0,
            "width": 0,
          },
          "shadowOpacity": 0.1,
          "shadowRadius": 5,
        }
      }
    >
      <Text
        style={
          Object {
            "color": "#000",
          }
        }
      >
        Correct attempts: 
        0
      </Text>
    </View>
    <View
      style={
        Object {
          "backgroundColor": "white",
          "borderRadius": 10,
          "elevation": 100,
          "marginTop": 15,
          "padding": 15,
          "shadowColor": "#000",
          "shadowOffset": Object {
            "height": 0,
            "width": 0,
          },
          "shadowOpacity": 0.1,
          "shadowRadius": 5,
        }
      }
    >
      <Text
        style={
          Object {
            "color": "#000",
          }
        }
      >
        Wrong attempts: 
        0
      </Text>
    </View>
    <View
      style={
        Object {
          "backgroundColor": "white",
          "borderRadius": 10,
          "elevation": 100,
          "marginTop": 15,
          "padding": 15,
          "shadowColor": "#000",
          "shadowOffset": Object {
            "height": 0,
            "width": 0,
          },
          "shadowOpacity": 0.1,
          "shadowRadius": 5,
        }
      }
    >
      <Text
        style={
          Object {
            "color": "#000",
          }
        }
      >
        Percentage: 
        0
        %
      </Text>
    </View>
    <View
      style={
        Object {
          "backgroundColor": "white",
          "borderRadius": 10,
          "elevation": 100,
          "marginTop": 15,
          "padding": 15,
          "shadowColor": "#000",
          "shadowOffset": Object {
            "height": 0,
            "width": 0,
          },
          "shadowOpacity": 0.1,
          "shadowRadius": 5,
        }
      }
    >
      <Text
        style={
          Array [
            Object {
              "color": "#000",
            },
            Object {
              "marginBottom": 10,
            },
          ]
        }
      >
        Categories used:
      </Text>
    </View>
    <View
      accessible={true}
      focusable={true}
      isTVSelectable={true}
      onClick={[Function]}
      onResponderGrant={[Function]}
      onResponderMove={[Function]}
      onResponderRelease={[Function]}
      onResponderTerminate={[Function]}
      onResponderTerminationRequest={[Function]}
      onStartShouldSetResponder={[Function]}
      style={
        Object {
          "backgroundColor": "#fff",
          "borderRadius": 10,
          "elevation": 100,
          "marginTop": 20,
          "opacity": 1,
          "padding": 10,
          "shadowColor": "#000",
          "shadowOffset": Object {
            "height": 0,
            "width": 0,
          },
          "shadowOpacity": 0.1,
          "shadowRadius": 5,
          "textAlign": "center",
        }
      }
    >
      <Text
        style={
          Object {
            "color": "#000",
            "textAlign": "center",
          }
        }
      >
        Do it again!
      </Text>
    </View>
  </View>
</View>
`;
